INFO - [♥] Lovely 0.9.0
INFO - [♥] Game directory is at "/nix/store/4nrfmax3pfy187nkxcz5bnf4xnx1hl9v-love-11.5/bin"
INFO - [♥] Writing logs to "/home/marius/.local/share/love/Mods/lovely/log"
INFO - [♥] Using mod directory at "/home/marius/.local/share/love/Mods"
WARN - [♥] Unknown key `patches.18.?.match_indent` found in patch file "/home/marius/.local/share/love/Mods/Cryptid-0.5.16d/lovely/code.toml", ignoring it
WARN - [♥] Unknown key `patches.18.?.match_indent` found in patch file "/home/marius/.local/share/love/Mods/Cryptid-0.5.16d/lovely/code.toml", ignoring it
INFO - [♥] Cleaning up dump directory at "/home/marius/.local/share/love/Mods/lovely/dump"
INFO - [♥] Cleaning up game-dump directory at "/home/marius/.local/share/love/Mods/lovely/game-dump"
INFO - [♥] Initialization complete in 20ms
INFO - [♥] Applied 1 patch to '=[lovely json "libs/json/json.lua"]'
INFO - [♥] Applied 1 patch to '=[love "wrap_GraphicsShader.lua"]'
INFO - [♥] Applied 1 patch to '=[lovely SMODS.preflight.core "src/preflight/core.lua"]'
INFO - [G] Failed to connect to the debug server
INFO - [G] 2026-07-15 12:34:53 :: DEBUG :: DebugConsole :: Steamodded Debug Socket started !
INFO - [G] [stage]	Loading APIs
INFO - [G] [stage]	Processing Mod Files
INFO - [G] /home/marius/nix/home/balatro/config/Mods	Amulet	1
INFO - [G] 2026-07-15 12:34:53 :: ERROR :: Loader :: Found invalid metadata JSON file at /home/marius/nix/home/balatro/config/Mods/Amulet/manifest.json, ignoring: [lovely SMODS.preflight.loader "src/preflight/loader.lua"]:320: main_file
INFO - [G] 2026-07-15 12:34:53 :: INFO  :: Loader :: Valid JSON file found
INFO - [G] /home/marius/nix/home/balatro/config/Mods	Cryptid-0.5.16d	1
INFO - [G] 2026-07-15 12:34:53 :: INFO  :: Loader :: Valid JSON file found
INFO - [G] /home/marius/nix/home/balatro/config/Mods	Malverk-1.1.4a	1
INFO - [G] 2026-07-15 12:34:53 :: INFO  :: Loader :: Valid JSON file found
INFO - [G] /home/marius/nix/home/balatro/config/Mods	balatroDarkMode	1
INFO - [G] 2026-07-15 12:34:53 :: TRACE :: Loader :: Processing Mod file (Legacy header): Extras.lua
INFO - [G] 2026-07-15 12:34:53 :: TRACE :: Loader :: Saving Mod Info: BalatroDarkMode
INFO - [G] 2026-07-15 12:34:53 :: TRACE :: Loader :: Processing Mod file (Legacy header): main.lua
INFO - [G] 2026-07-15 12:34:53 :: TRACE :: Loader :: Saving Mod Info: darktextures
INFO - [G] /home/marius/nix/home/balatro/config/Mods	lovely	1
INFO - [G] /home/marius/nix/home/balatro/config/Mods	smods-1.0.0-beta-1814a	1
INFO - [G] 2026-07-15 12:34:53 :: ERROR :: Loader :: Found invalid metadata JSON file at /home/marius/nix/home/balatro/config/Mods/smods-1.0.0-beta-1814a/manifest.json, ignoring: [lovely SMODS.preflight.loader "src/preflight/loader.lua"]:320: main_file
INFO - [G] 2026-07-15 12:34:53 :: INFO  :: Steamodded :: Preflight loaded after 0.019689099
INFO - [♥] Applied 17 patches to 'main.lua'
WARN - [♥] Pattern '--[[\namulet: talisman detection\nelseif v.is and v:is(Object) then\n]]\n' on target 'engine/string_packer.lua' for pattern patch from Amulet/lovely/talisman-detection-after.toml resulted in no matches
WARN - [♥] Regex '\\-\\-\\[\\[amulet: talisman detected\\]\\][\\s\\S]*' on target 'engine/string_packer.lua' for regex patch from Amulet/lovely/talisman-detection-after.toml resulted in no matches
INFO - [♥] Applied 6 patches to 'engine/string_packer.lua'
INFO - [♥] Applied 8 patches to 'engine/controller.lua'
INFO - [♥] Applied 16 patches to 'back.lua'
WARN - [♥] Pattern 'local tag_sprite = Sprite(0,0,_size*1,_size*1,G.ASSET_ATLAS[(not self.hide_ability) and G.P_TAGS[self.key].atlas or \"tags\"], (self.hide_ability) and G.tag_undiscovered.pos or self.pos)' on target 'tag.lua' for pattern patch from Cryptid-0.5.16d/lovely/cat.toml resulted in no matches
INFO - [♥] Applied 20 patches to 'tag.lua'
INFO - [♥] Applied 5 patches to 'engine/event.lua'
INFO - [♥] Applied 2 patches to 'engine/node.lua'
INFO - [♥] Applied 2 patches to 'engine/moveable.lua'
INFO - [♥] Applied 5 patches to 'engine/sprite.lua'
INFO - [♥] Applied 4 patches to 'engine/animatedsprite.lua'
WARN - [♥] Pattern 'detailed_tooltip = part.control.T and (G.P_CENTERS[part.control.T] or G.P_TAGS[part.control.T]) or nil,' on target 'functions/misc_functions.lua' for pattern patch from Cryptid-0.5.16d/lovely/lib_ui.toml resulted in no matches
WARN - [♥] Pattern 'if _chips ~= hand_chips then SMODS.Scoring_Parameters.mult:modify(nil, _mult - (mult or 0)) end' on target 'functions/misc_functions.lua' for pattern patch from Amulet/lovely/fixes.toml resulted in no matches
INFO - [♥] Applied 97 patches to 'functions/misc_functions.lua'
WARN - [♥] Pattern 'G.SHADERS[\'CRT\']:send(\'glitch_intensity\', 0)--0.1*G.SETTINGS.GRAPHICS.crt/100 + (G.screenwipe_amt) + 1)' on target 'game.lua' for pattern patch from Cryptid-0.5.16d/lovely/code.toml resulted in no matches
WARN - [♥] Regex 'card\\:start_materialize\\(\\)\\n\\s+G\\.shop_vouchers\\:emplace\\(card\\)\\n\\s+end' on target 'game.lua' for regex patch from Cryptid-0.5.16d/lovely/Voucher.toml resulted in no matches
INFO - [♥] Applied 115 patches to 'game.lua'
WARN - [♥] Pattern 'RENTAL = HEX(\'b18f43\'),' on target 'globals.lua' for pattern patch from smods-1.0.0-beta-1814a/lovely/blind_score_mod.toml resulted in no matches
WARN - [♥] Pattern 'if love.system.getOS() == \'OS X\' then' on target 'globals.lua' for pattern patch from smods-1.0.0-beta-1814a/lovely/mobile_patches.toml resulted in no matches
INFO - [♥] Applied 4 patches to 'globals.lua'
INFO - [♥] Applied 17 patches to 'engine/ui.lua'
WARN - [♥] Pattern '{n=G.UIT.O, config={draw_layer = 1, object = DynaText({scale = args.scale, string = args.text, maxw = args.maxw, colours = {args.colour},float = true, shadow = true, silent = not args.noisy, args.scale, pop_in = 0, pop_in_rate = 6, rotate = args.rotate or nil})}},\n' on target 'functions/UI_definitions.lua' for pattern patch from smods-1.0.0-beta-1814a/lovely/calc_returns.toml resulted in no matches
WARN - [♥] Pattern '{n=G.UIT.T, config={text = G.GAME.hands[handname].chips, scale = 0.45, colour = G.C.UI.TEXT_LIGHT}},' on target 'functions/UI_definitions.lua' for pattern patch from Amulet/lovely/numfmt.toml resulted in no matches
WARN - [♥] Pattern '{n=G.UIT.T, config={text = G.GAME.hands[handname].mult, scale = 0.45, colour = G.C.UI.TEXT_LIGHT}}' on target 'functions/UI_definitions.lua' for pattern patch from Amulet/lovely/numfmt.toml resulted in no matches
INFO - [♥] Applied 186 patches to 'functions/UI_definitions.lua'
WARN - [♥] Pattern 'if reps[j] ~= 1 then' on target 'functions/state_events.lua' for pattern patch from Cryptid-0.5.16d/lovely/misc.toml resulted in no matches
WARN - [♥] Pattern 'limit = limit - 1 + (not card.debuff and card.edition and card.edition.card_limit or 0)' on target 'functions/state_events.lua' for pattern patch from Cryptid-0.5.16d/lovely/misc.toml resulted in no matches
WARN - [♥] Pattern 'if G.GAME.round_resets.ante == G.GAME.win_ante and G.GAME.blind:get_type() == \'Boss\' then' on target 'functions/state_events.lua' for pattern patch from Cryptid-0.5.16d/lovely/stake.toml resulted in no matches
WARN - [♥] Pattern 'if G.GAME.round_resets.ante == G.GAME.win_ante and G.GAME.blind:get_type() == \'Boss\' then' on target 'functions/state_events.lua' for pattern patch from Cryptid-0.5.16d/lovely/stake.toml resulted in no matches
WARN - [♥] Pattern 'if effects.jokers.Xmult_mod then mult = mod_mult(mult*effects.jokers.Xmult_mod);extras.mult = true  end' on target 'functions/state_events.lua' for pattern patch from Amulet/lovely/card.toml resulted in no matches
WARN - [♥] Pattern 'if effect.Xmult_mod then mult = mod_mult(mult*effect.Xmult_mod);extras.mult = true  end' on target 'functions/state_events.lua' for pattern patch from Amulet/lovely/card.toml resulted in no matches
WARN - [♥] Pattern 'if effects[ii].message then' on target 'functions/state_events.lua' for pattern patch from Amulet/lovely/card.toml resulted in no matches
WARN - [♥] Pattern '--calculate the card edition effects' on target 'functions/state_events.lua' for pattern patch from Amulet/lovely/card.toml resulted in no matches
WARN - [♥] Pattern 'if effects[ii].edition.p_dollars_mod then' on target 'functions/state_events.lua' for pattern patch from Amulet/lovely/card.toml resulted in no matches
WARN - [♥] Pattern 'if edition_effects.jokers.x_mult_mod then' on target 'functions/state_events.lua' for pattern patch from Amulet/lovely/card.toml resulted in no matches
WARN - [♥] Pattern 'if effects[ii].card then' on target 'functions/state_events.lua' for pattern patch from Amulet/lovely/noanims.toml resulted in no matches
WARN - [♥] Pattern 'check_and_set_high_score(\'hand\', hand_chips*mult)\n' on target 'functions/state_events.lua' for pattern patch from Cryptid-0.5.16d/lovely/Ascended.toml resulted in no matches
WARN - [♥] Pattern 'func = (function()  update_hand_text({delay = 0, immediate = true}, {mult = 0, chips = 0, chip_total = G.GAME.blind.cry_cap_score and G.GAME.blind:cry_cap_score(math.floor(hand_chips*mult)) or math.floor(hand_chips*mult), level = \'\', handname = \'\'});play_sound(\'button\', 0.9, 0.6);return true end)\n' on target 'functions/state_events.lua' for pattern patch from Cryptid-0.5.16d/lovely/none.toml resulted in no matches
WARN - [♥] Regex '(?<indent>[\\t ]*)if destroyed then \\n' on target 'functions/state_events.lua' for regex patch from Cryptid-0.5.16d/lovely/seal.toml resulted in no matches
INFO - [♥] Applied 114 patches to 'functions/state_events.lua'
WARN - [♥] Pattern 'local delta = (type(vals.chips) == \'number\' and type(G.GAME.current_round.current_hand.chips) == \'number\') and (vals.chips - G.GAME.current_round.current_hand.chips) or 0' on target 'functions/common_events.lua' for pattern patch from Amulet/lovely/typefix.toml resulted in no matches
WARN - [♥] Pattern 'local delta = (type(vals.mult) == \'number\' and type(G.GAME.current_round.current_hand.mult) == \'number\')and (vals.mult - G.GAME.current_round.current_hand.mult) or 0' on target 'functions/common_events.lua' for pattern patch from Amulet/lovely/typefix.toml resulted in no matches
WARN - [♥] Pattern 'G.GAME.hands[hand].level = math.max(0, G.GAME.hands[hand].level + amount)\nG.GAME.hands[hand].mult = math.max(G.GAME.hands[hand].mult + G.GAME.hands[hand].l_mult*amount, 1)\nG.GAME.hands[hand].chips = math.max(G.GAME.hands[hand].chips + G.GAME.hands[hand].l_chips*amount, 1)\n' on target 'functions/common_events.lua' for pattern patch from Cryptid-0.5.16d/lovely/none.toml resulted in no matches
WARN - [♥] Pattern 'if num_dollars > 60 then' on target 'functions/common_events.lua' for pattern patch from Amulet/lovely/fixes.toml resulted in no matches
INFO - [♥] Applied 217 patches to 'functions/common_events.lua'
WARN - [♥] Pattern 'if area == G.consumeables then' on target 'functions/button_callbacks.lua' for pattern patch from Cryptid-0.5.16d/lovely/ccd.toml resulted in no matches
INFO - [♥] Applied 87 patches to 'functions/button_callbacks.lua'
WARN - [♥] Pattern 'if self.edition.type == \'negative\' and self.ability.consumeable then\n    badges[#badges + 1] = \'negative_consumable\'\nelseif self.edition.type == \'negative\' and (self.ability.set == \'Enhanced\' or self.ability.set == \'Default\') then\n    badges[#badges + 1] = \'negative_playing_card\'\n' on target 'card.lua' for pattern patch from Cryptid-0.5.16d/lovely/ccd.toml resulted in no matches
WARN - [♥] Pattern 'if self.ability.name == \'Sixth Sense\' and #context.full_hand == 1 and context.full_hand[1]:get_id() == 6 and G.GAME.current_round.hands_played == 0 then' on target 'card.lua' for pattern patch from Cryptid-0.5.16d/lovely/stake.toml resulted in no matches
WARN - [♥] Pattern 'if self.joker_added_to_deck_but_debuffed then' on target 'card.lua' for pattern patch from Cryptid-0.5.16d/lovely/sticker.toml resulted in no matches
WARN - [♥] Pattern 'x_mult = center.config.Xmult or 1,' on target 'card.lua' for pattern patch from Amulet/lovely/card.toml resulted in no matches
WARN - [♥] Pattern 'if G.GAME.blind then G.E_MANAGER:add_event(Event({ func = function() G.GAME.blind:set_blind(nil, true, nil); return true end })) end' on target 'card.lua' for pattern patch from Amulet/lovely/noanims.toml resulted in no matches
WARN - [♥] Pattern 'level_up_hand(context.blueprint_card or self, text, nil, 1)\nupdate_hand_text({sound = \'button\', volume = 0.7, pitch = 1.1, delay = 0}, {mult = 0, chips = 0, handname = \'\', level = \'\'})\nreturn nil, true\n' on target 'card.lua' for pattern patch from Cryptid-0.5.16d/lovely/none.toml resulted in no matches
WARN - [♥] Pattern 'level_up_hand(used_tarot, self.ability.consumeable.hand_type)\nupdate_hand_text({sound = \'button\', volume = 0.7, pitch = 1.1, delay = 0}, {mult = 0, chips = 0, handname = \'\', level = \'\'})\n' on target 'card.lua' for pattern patch from Cryptid-0.5.16d/lovely/none.toml resulted in no matches
WARN - [♥] Pattern 'elseif self.config.center.no_rank then' on target 'card.lua' for pattern patch from Cryptid-0.5.16d/lovely/abstracted.toml resulted in no matches
INFO - [♥] Applied 335 patches to 'card.lua'
WARN - [♥] Pattern 'if not card.debuff and card.edition and card.edition.card_limit and (self == G.hand) then' on target 'cardarea.lua' for pattern patch from Cryptid-0.5.16d/lovely/misc.toml resulted in no matches
INFO - [♥] Applied 33 patches to 'cardarea.lua'
INFO - [♥] Applied 48 patches to 'blind.lua'
WARN - [♥] Pattern 'self.children.card = Card(self.T.x, self.T.y, G.CARD_W, G.CARD_H, G.P_CARDS.empty, args.center or G.P_CENTERS.j_joker, {bypass_discovery_center = true})' on target 'card_character.lua' for pattern patch from Cryptid-0.5.16d/lovely/lib_gameset.toml resulted in no matches
WARN - [♥] Pattern 'colours = {G.C.RED, G.C.BLUE, G.C.ORANGE},' on target 'card_character.lua' for pattern patch from Cryptid-0.5.16d/lovely/lib_gameset.toml resulted in no matches
INFO - [♥] Applied 12 patches to 'card_character.lua'
INFO - [♥] Applied 26 patches to 'engine/text.lua'
INFO - [♥] Applied 2 patches to '=[SMODS _ "src/ui.lua"]'
WARN - [♥] Pattern 'if eff.retrigger_flag then SMODS.calculate_effect(eff, eff.card); j = j+1; _, eff = next(reps[j]) end' on target '=[SMODS _ "src/utils.lua"]' for pattern patch from Cryptid-0.5.16d/lovely/misc.toml resulted in no matches
WARN - [♥] Pattern 'return val and (val > 0 and \'+\'..val or \'\'..val) or \'0\'\n' on target '=[SMODS _ "src/utils.lua"]' for pattern patch from Cryptid-0.5.16d/lovely/misc.toml resulted in no matches
WARN - [♥] Pattern 'return val and (val > 0 and \'$\'..val or \'-$\'..-val) or \'0\'\n' on target '=[SMODS _ "src/utils.lua"]' for pattern patch from Cryptid-0.5.16d/lovely/misc.toml resulted in no matches
WARN - [♥] Pattern 'if (key == \'chips\' or key == \'h_chips\' or key == \'chip_mod\') and amount then\n' on target '=[SMODS _ "src/utils.lua"]' for pattern patch from Cryptid-0.5.16d/lovely/misc.toml resulted in no matches
WARN - [♥] Pattern 'if (key == \'mult\' or key == \'h_mult\' or key == \'mult_mod\') and amount then\n' on target '=[SMODS _ "src/utils.lua"]' for pattern patch from Cryptid-0.5.16d/lovely/misc.toml resulted in no matches
WARN - [♥] Pattern 'if (key == \'x_chips\' or key == \'xchips\' or key == \'Xchip_mod\') and amount ~= 1 then\n' on target '=[SMODS _ "src/utils.lua"]' for pattern patch from Cryptid-0.5.16d/lovely/misc.toml resulted in no matches
WARN - [♥] Pattern 'if (key == \'x_mult\' or key == \'xmult\' or key == \'Xmult\' or key == \'x_mult_mod\' or key == \'Xmult_mod\') and amount ~= 1 then\n' on target '=[SMODS _ "src/utils.lua"]' for pattern patch from Cryptid-0.5.16d/lovely/misc.toml resulted in no matches
INFO - [♥] Applied 13 patches to '=[SMODS _ "src/utils.lua"]'
WARN - [♥] Pattern 'if self.ability.consumeable then' on target '=[SMODS _ "src/overrides.lua"]' for pattern patch from Cryptid-0.5.16d/lovely/ccd.toml resulted in no matches
INFO - [♥] Applied 8 patches to '=[SMODS _ "src/overrides.lua"]'
WARN - [♥] Pattern 'self.full_path = (self.mod and self.mod.path or SMODS.path) ..' on target '=[SMODS _ "src/game_object.lua"]' for pattern patch from Cryptid-0.5.16d/lovely/lib_misc.toml resulted in no matches
INFO - [♥] Applied 4 patches to '=[SMODS _ "src/game_object.lua"]'
INFO - [G] 2026-07-15 12:34:54 :: INFO  :: SMODS :: Steamodded v1.0.0~BETA-1814a
INFO - [♥] Applied 1 patch to 'CRT.fs'
INFO - [♥] Applied 1 patch to '=[lovely json "libs/json/json.lua"]'
INFO - [♥] Applied 1 patch to '=[lovely json "libs/json/json.lua"]'
INFO - [♥] Applied 1 patch to 'engine/save_manager.lua'
INFO - [♥] Applied 9 patches to 'engine/sound_manager.lua'
WARN - [♥] Pattern '--[[\namulet: talisman detection\nelseif v.is and v:is(Object) then\n]]\n' on target 'engine/string_packer.lua' for pattern patch from Amulet/lovely/talisman-detection-after.toml resulted in no matches
WARN - [♥] Regex '\\-\\-\\[\\[amulet: talisman detected\\]\\][\\s\\S]*' on target 'engine/string_packer.lua' for regex patch from Amulet/lovely/talisman-detection-after.toml resulted in no matches
INFO - [♥] Applied 6 patches to 'engine/string_packer.lua'
INFO - [♥] Applied 2 patches to 'flame.fs'
WARN - [♥] Pattern 'if (self.edition and self.edition.negative) or (self.ability.name == \'Antimatter\' and (self.config.center.discovered or self.bypass_discovery_center)) then' on target '=[SMODS _ "src/card_draw.lua"]' for pattern patch from Cryptid-0.5.16d/lovely/lib_ui.toml resulted in no matches
INFO - [♥] Applied 4 patches to '=[SMODS _ "src/card_draw.lua"]'
INFO - [G] [CRYPTID] Loading library file ascended.lua
INFO - [G] [CRYPTID] Loading library file attributes.lua
INFO - [G] [CRYPTID] Loading library file calculate.lua
INFO - [G] [CRYPTID] Loading library file content.lua
INFO - [G] [CRYPTID] Loading library file cross-mod.lua
INFO - [G] table: 0x777a617d30f8
INFO - [G] table: 0x777a780cddf8
INFO - [G] [CRYPTID] Loading library file d20.lua
INFO - [G] [CRYPTID] Loading library file event.lua
INFO - [G] [CRYPTID] Loading library file forcetrigger.lua
INFO - [G] [CRYPTID] Loading library file gameset.lua
INFO - [G] [CRYPTID] Loading library file https.lua
INFO - [G] 2026-07-15 12:34:54 :: DEBUG :: luajit-curl :: ffi.load for libcurl failed: libcurl.so: cannot open shared object file: No such file or directory
INFO - [G] 2026-07-15 12:34:54 :: ERROR :: luajit-curl :: ffi.load for libcurl and libcurl.so.4 failed! libcurl.so.4: cannot open shared object file: No such file or directory
INFO - [G] 2026-07-15 12:34:54 :: DEBUG :: SMODS.https :: Could not load luajit-curl! [lovely luajit-curl "libs/https/luajit-curl.lua"]:35: libcurl.so.4: cannot open shared object file: No such file or directory
INFO - [G] 2026-07-15 12:34:54 :: DEBUG :: SMODS.https :: Could not load a suitable backend! Using a stub: the HTTPS module exists, but all requests will fail.
INFO - [G] [CRYPTID] Loading library file misc.lua
INFO - [G] [CRYPTID] Loading library file misprintize.lua
INFO - [G] [CRYPTID] Loading library file modifiers.lua
INFO - [♥] Applied 1 patch to '=[lovely json "libs/json/json.lua"]'
INFO - [G] [CRYPTID] Loading library file notifications.lua
INFO - [G] [CRYPTID] Loading library file overrides.lua
INFO - [G] [CRYPTID] Loading library file pointerlib.lua
INFO - [G] [CRYPTID] Loading library file ui.lua
INFO - [G] [CRYPTID] Loading file achievement.lua
INFO - [G] [CRYPTID] Loading file blind.lua
INFO - [G] [CRYPTID] Loading file challenge.lua
INFO - [G] [CRYPTID] Loading file code.lua
INFO - [G] [CRYPTID] Loading file deck.lua
INFO - [G] [CRYPTID] Loading file enhanced.lua
INFO - [G] [CRYPTID] Loading file epic.lua
INFO - [G] [CRYPTID] Loading file exotic.lua
INFO - [G] [CRYPTID] Loading file joker_display.lua
INFO - [G] [CRYPTID] Loading file m.lua
INFO - [G] [CRYPTID] Loading file misc.lua
INFO - [G] [CRYPTID] Loading file misc_joker.lua
INFO - [G] [CRYPTID] Loading file planet.lua
INFO - [G] [CRYPTID] Loading file pointer.lua
INFO - [G] [CRYPTID] Loading file sleeve.lua
INFO - [G] [CRYPTID] Loading file spectral.lua
INFO - [G] [CRYPTID] Loading file spooky.lua
INFO - [G] [CRYPTID] Loading file stake.lua
INFO - [G] [CRYPTID] Loading file tag.lua
INFO - [G] [CRYPTID] Loading file test.lua
INFO - [G] [CRYPTID] Loading file voucher.lua
INFO - [G] 2026-07-15 12:34:54 :: WARN  :: Atlas :: Object cry_effarcire has the same key as an existing object, not registering.
INFO - [G] 2026-07-15 12:34:54 :: WARN  :: Atlas :: If you want to modify an existing object, use take_ownership()
INFO - [G] 2026-07-15 12:34:54 :: INFO  :: TIMER :: [0000] Injected Fonts in 0.001 ms
INFO - [G] 2026-07-15 12:34:54 :: INFO  :: TIMER :: [0000] Injected DynaTextEffects in 0.001 ms
INFO - [G] 2026-07-15 12:34:54 :: INFO  :: TIMER :: [0000] Injected Language in 0.001 ms
INFO - [G] 2026-07-15 12:34:54 :: INFO  :: TIMER :: [0076] Injected Attribute in 0.243 ms
INFO - [G] 2026-07-15 12:34:54 :: INFO  :: TIMER :: [0000] Injected [INTERNAL] in 0.990 ms
INFO - [G] 2026-07-15 12:34:55 :: INFO  :: TIMER :: [0042] Injected Atlas in 413.219 ms
INFO - [G] 2026-07-15 12:34:55 :: INFO  :: TIMER :: [0034] Injected Sound in 8.502 ms
INFO - [G] 2026-07-15 12:34:55 :: INFO  :: TIMER :: [0019] Injected nil in 0.218 ms
INFO - [G] 2026-07-15 12:34:55 :: INFO  :: TIMER :: [0032] Injected Stake in 1.698 ms
INFO - [G] 2026-07-15 12:34:55 :: INFO  :: TIMER :: [0008] Injected Rarity in 0.115 ms
INFO - [G] 2026-07-15 12:34:55 :: INFO  :: TIMER :: [0010] Injected ObjectType in 0.109 ms
INFO - [G] 2026-07-15 12:34:55 :: INFO  :: TIMER :: [0436] Injected Center in 9.546 ms
INFO - [G] 2026-07-15 12:34:55 :: INFO  :: TIMER :: [0009] Injected Undiscovered Sprite in 0.021 ms
INFO - [G] 2026-07-15 12:34:55 :: INFO  :: TIMER :: [0034] Injected Blind in 0.329 ms
INFO - [G] 2026-07-15 12:34:55 :: INFO  :: TIMER :: [0006] Injected Seal in 0.203 ms
INFO - [G] 2026-07-15 12:34:55 :: INFO  :: TIMER :: [0004] Injected Suit in 0.061 ms
INFO - [G] 2026-07-15 12:34:55 :: INFO  :: TIMER :: [0013] Injected Rank in 0.536 ms
INFO - [G] 2026-07-15 12:34:55 :: INFO  :: TIMER :: [0028] Injected DeckSkin in 0.312 ms
INFO - [G] 2026-07-15 12:34:55 :: INFO  :: TIMER :: [0017] Injected JimboQuip in 0.125 ms
INFO - [G] 2026-07-15 12:34:55 :: INFO  :: TIMER :: [0020] Injected PokerHand in 0.284 ms
INFO - [G] 2026-07-15 12:34:55 :: INFO  :: TIMER :: [0031] Injected Challenge in 0.237 ms
INFO - [G] 2026-07-15 12:34:55 :: INFO  :: TIMER :: [0031] Injected Tag in 0.175 ms
INFO - [G] 2026-07-15 12:34:55 :: INFO  :: TIMER :: [0011] Injected Sticker in 0.210 ms
INFO - [G] 2026-07-15 12:34:55 :: WARN  :: Shader :: Malverk: Some shaders in this mod (first one found: 'malverk_texture_selected') are not compatible with OpenGL ES. Steamodded will try to repair these shaders if OpenGL ES is being used, e.g. on mobile devices. To test OpenGL ES results on desktop, run Balatro with 'LOVE_GRAPHICS_USE_OPENGLES=1' set as an environment variable.
INFO - [G] 2026-07-15 12:34:55 :: INFO  :: TIMER :: [0012] Injected Shader in 85.200 ms
INFO - [G] 2026-07-15 12:34:55 :: INFO  :: TIMER :: [0001] Injected ScreenShader in 0.059 ms
INFO - [G] 2026-07-15 12:34:55 :: INFO  :: TIMER :: [0002] Injected Keybind in 0.094 ms
INFO - [G] 2026-07-15 12:34:55 :: INFO  :: TIMER :: [0022] Injected Achievement in 1.151 ms
INFO - [G] 2026-07-15 12:34:55 :: INFO  :: TIMER :: [0002] Injected Scoring_Parameters in 0.607 ms
INFO - [G] 2026-07-15 12:34:55 :: INFO  :: TIMER :: [0004] Injected Scoring_Calculations in 0.180 ms
INFO - [G] 2026-07-15 12:34:55 :: INFO  :: TIMER :: [0027] Injected Draw Step in 0.156 ms
INFO - [G] 2026-07-15 12:34:55 :: INFO  :: TIMER :: [0000] Injected [INTERNAL] in 6.050 ms
INFO - [G] 2026-07-15 12:34:55 :: INFO  :: TIMER :: [0011] Injected AltTexture in 298.281 ms
INFO - [G] 2026-07-15 12:34:55 :: INFO  :: TIMER :: [0001] Injected Texture Pack in 0.104 ms
INFO - [G] 2026-07-15 12:34:55 :: INFO  :: TIMER :: [0010] Injected Other in 0.059 ms
INFO - [G] 2026-07-15 12:34:55 :: WARN  :: LuaSteam :: module 'luasteam' not found:
	no field package.preload['luasteam']
	no 'luasteam' in LOVE game directories.
	no file 'luasteam' in LOVE paths.
	no file './luasteam.lua'
	no file '/nix/store/l2j91s4fj2n0r47fcd77r6kk18sbbndx-luajit-2.1.1741730670/share/luajit-2.1/luasteam.lua'
	no file '/usr/local/share/lua/5.1/luasteam.lua'
	no file '/usr/local/share/lua/5.1/luasteam/init.lua'
	no file '/nix/store/l2j91s4fj2n0r47fcd77r6kk18sbbndx-luajit-2.1.1741730670/share/lua/5.1/luasteam.lua'
	no file '/nix/store/l2j91s4fj2n0r47fcd77r6kk18sbbndx-luajit-2.1.1741730670/share/lua/5.1/luasteam/init.lua'
	no file './luasteam.so'
	no file '/usr/local/lib/lua/5.1/luasteam.so'
	no file '/nix/store/l2j91s4fj2n0r47fcd77r6kk18sbbndx-luajit-2.1.1741730670/lib/lua/5.1/luasteam.so'
	no file '/usr/local/lib/lua/5.1/loadall.so'
	no file '/home/marius/nix/home/balatro/luasteam.so'
INFO - [G] 2026-07-15 12:34:55 :: DEBUG :: luajit-curl(1) :: ffi.load for libcurl failed: libcurl.so: cannot open shared object file: No such file or directory
INFO - [G] 2026-07-15 12:34:55 :: ERROR :: luajit-curl(1) :: ffi.load for libcurl and libcurl.so.4 failed! libcurl.so.4: cannot open shared object file: No such file or directory
INFO - [G] 2026-07-15 12:34:55 :: DEBUG :: SMODS.https(1) :: Could not load luajit-curl! [lovely luajit-curl "libs/https/luajit-curl.lua"]:35: libcurl.so.4: cannot open shared object file: No such file or directory
INFO - [G] 2026-07-15 12:34:55 :: DEBUG :: SMODS.https(1) :: Could not load a suitable backend! Using a stub: the HTTPS module exists, but all requests will fail.
INFO - [♥] 'smods-1.0.0-beta-1814a' was found in blacklist, skipping it.
INFO - [♥] 'balatroDarkMode' was found in blacklist, skipping it.
INFO - [♥] 'Cryptid-0.5.16d' was found in blacklist, skipping it.
INFO - [♥] 'Amulet' was found in blacklist, skipping it.
INFO - [♥] 'Malverk-1.1.4a' was found in blacklist, skipping it.
INFO - [G] Error: [love "boot.lua"]:330: Cannot load game at path '/home/marius/nix/home/balatro/config/Balatro/Balatro.love'.
Make sure a folder exists at the specified path.
stack traceback:
	[love "boot.lua"]:352: in function <[love "boot.lua"]:348>
	[C]: in function 'error'
	[love "boot.lua"]:330: in function <[love "boot.lua"]:126>
	[C]: in function 'xpcall'
	[love "boot.lua"]:362: in function <[love "boot.lua"]:355>
	[C]: in function 'xpcall'
