INFO - [♥] Lovely 0.9.0
INFO - [♥] Game directory is at "/nix/store/4nrfmax3pfy187nkxcz5bnf4xnx1hl9v-love-11.5/bin"
INFO - [♥] Writing logs to "/home/marius/.local/share/love/Mods/lovely/log"
INFO - [♥] Using mod directory at "/home/marius/.local/share/love/Mods"
INFO - [♥] 'Cryptid-0.5.16d' was found in blacklist, skipping it.
INFO - [♥] 'Amulet' was found in blacklist, skipping it.
INFO - [♥] Cleaning up dump directory at "/home/marius/.local/share/love/Mods/lovely/dump"
INFO - [♥] Cleaning up game-dump directory at "/home/marius/.local/share/love/Mods/lovely/game-dump"
INFO - [♥] Initialization complete in 14ms
INFO - [♥] Applied 1 patch to '=[love "wrap_GraphicsShader.lua"]'
INFO - [♥] Applied 1 patch to '=[lovely SMODS.preflight.core "src/preflight/core.lua"]'
INFO - [G] Failed to connect to the debug server
INFO - [G] 2026-07-15 12:03:59 :: DEBUG :: DebugConsole :: Steamodded Debug Socket started !
INFO - [G] [stage]	Loading APIs
INFO - [G] [stage]	Processing Mod Files
INFO - [G] /home/marius/.local/share/love/Mods	Amulet	1
INFO - [G] 2026-07-15 12:03:59 :: ERROR :: Loader :: Found invalid metadata JSON file at /home/marius/.local/share/love/Mods/Amulet/manifest.json, ignoring: [lovely SMODS.preflight.loader "src/preflight/loader.lua"]:320: prefix
INFO - [G] 2026-07-15 12:03:59 :: INFO  :: Loader :: Valid JSON file found
INFO - [G] /home/marius/.local/share/love/Mods	Cryptid-0.5.16d	1
INFO - [G] 2026-07-15 12:03:59 :: INFO  :: Loader :: Valid JSON file found
INFO - [G] /home/marius/.local/share/love/Mods	lovely	1
INFO - [G] /home/marius/.local/share/love/Mods	smods-1.0.0-beta-1814a	1
INFO - [G] 2026-07-15 12:03:59 :: INFO  :: Steamodded :: Preflight loaded after 0.01265872
INFO - [♥] Applied 13 patches to 'main.lua'
INFO - [♥] Applied 6 patches to 'engine/controller.lua'
INFO - [♥] Applied 16 patches to 'back.lua'
INFO - [♥] Applied 10 patches to 'tag.lua'
INFO - [♥] Applied 5 patches to 'engine/event.lua'
INFO - [♥] Applied 1 patch to 'engine/node.lua'
INFO - [♥] Applied 2 patches to 'engine/moveable.lua'
INFO - [♥] Applied 4 patches to 'engine/sprite.lua'
INFO - [♥] Applied 4 patches to 'engine/animatedsprite.lua'
INFO - [♥] Applied 78 patches to 'functions/misc_functions.lua'
INFO - [♥] Applied 65 patches to 'game.lua'
WARN - [♥] Pattern 'RENTAL = HEX(\'b18f43\'),' on target 'globals.lua' for pattern patch from smods-1.0.0-beta-1814a/lovely/blind_score_mod.toml resulted in no matches
WARN - [♥] Pattern 'if love.system.getOS() == \'OS X\' then' on target 'globals.lua' for pattern patch from smods-1.0.0-beta-1814a/lovely/mobile_patches.toml resulted in no matches
INFO - [♥] Applied 4 patches to 'globals.lua'
INFO - [♥] Applied 15 patches to 'engine/ui.lua'
WARN - [♥] Pattern '{n=G.UIT.O, config={draw_layer = 1, object = DynaText({scale = args.scale, string = args.text, maxw = args.maxw, colours = {args.colour},float = true, shadow = true, silent = not args.noisy, args.scale, pop_in = 0, pop_in_rate = 6, rotate = args.rotate or nil})}},\n' on target 'functions/UI_definitions.lua' for pattern patch from smods-1.0.0-beta-1814a/lovely/calc_returns.toml resulted in no matches
INFO - [♥] Applied 141 patches to 'functions/UI_definitions.lua'
INFO - [♥] Applied 63 patches to 'functions/state_events.lua'
INFO - [♥] Applied 148 patches to 'functions/common_events.lua'
INFO - [♥] Applied 65 patches to 'functions/button_callbacks.lua'
INFO - [♥] Applied 238 patches to 'card.lua'
INFO - [♥] Applied 21 patches to 'cardarea.lua'
INFO - [♥] Applied 41 patches to 'blind.lua'
INFO - [♥] Applied 10 patches to 'card_character.lua'
INFO - [♥] Applied 24 patches to 'engine/text.lua'
INFO - [G] 2026-07-15 12:04:00 :: INFO  :: SMODS :: Steamodded v1.0.0~BETA-1814a
INFO - [♥] Applied 1 patch to 'CRT.fs'
INFO - [♥] Applied 9 patches to 'engine/sound_manager.lua'
INFO - [♥] Applied 1 patch to 'engine/save_manager.lua'
INFO - [♥] Applied 2 patches to 'flame.fs'
INFO - [G] 2026-07-15 12:04:01 :: INFO  :: TIMER :: [0000] Injected Fonts in 0.001 ms
INFO - [G] 2026-07-15 12:04:01 :: INFO  :: TIMER :: [0000] Injected DynaTextEffects in 0.001 ms
INFO - [G] 2026-07-15 12:04:01 :: INFO  :: TIMER :: [0000] Injected Language in 0.001 ms
INFO - [G] 2026-07-15 12:04:01 :: INFO  :: TIMER :: [0064] Injected Attribute in 0.147 ms
INFO - [G] 2026-07-15 12:04:01 :: INFO  :: TIMER :: [0000] Injected [INTERNAL] in 0.905 ms
INFO - [G] 2026-07-15 12:04:01 :: INFO  :: TIMER :: [0003] Injected Atlas in 374.229 ms
INFO - [G] 2026-07-15 12:04:01 :: INFO  :: TIMER :: [0003] Injected Sound in 0.089 ms
INFO - [G] 2026-07-15 12:04:01 :: INFO  :: TIMER :: [0002] Injected nil in 0.012 ms
INFO - [G] 2026-07-15 12:04:01 :: INFO  :: TIMER :: [0008] Injected Stake in 0.850 ms
INFO - [G] 2026-07-15 12:04:01 :: INFO  :: TIMER :: [0004] Injected Rarity in 0.018 ms
INFO - [G] 2026-07-15 12:04:01 :: INFO  :: TIMER :: [0004] Injected ObjectType in 0.032 ms
INFO - [G] 2026-07-15 12:04:01 :: INFO  :: TIMER :: [0050] Injected Center in 0.573 ms
INFO - [G] 2026-07-15 12:04:01 :: INFO  :: TIMER :: [0007] Injected Undiscovered Sprite in 0.091 ms
INFO - [G] 2026-07-15 12:04:01 :: INFO  :: TIMER :: [0002] Injected Blind in 0.010 ms
INFO - [G] 2026-07-15 12:04:01 :: INFO  :: TIMER :: [0004] Injected Seal in 0.264 ms
INFO - [G] 2026-07-15 12:04:01 :: INFO  :: TIMER :: [0004] Injected Suit in 0.446 ms
INFO - [G] 2026-07-15 12:04:01 :: INFO  :: TIMER :: [0013] Injected Rank in 0.458 ms
INFO - [G] 2026-07-15 12:04:01 :: INFO  :: TIMER :: [0028] Injected DeckSkin in 0.502 ms
INFO - [G] 2026-07-15 12:04:01 :: INFO  :: TIMER :: [0017] Injected JimboQuip in 0.112 ms
INFO - [G] 2026-07-15 12:04:01 :: INFO  :: TIMER :: [0012] Injected PokerHand in 0.060 ms
INFO - [G] 2026-07-15 12:04:01 :: INFO  :: TIMER :: [0020] Injected Challenge in 0.147 ms
INFO - [G] 2026-07-15 12:04:01 :: INFO  :: TIMER :: [0000] Injected Tag in 0.001 ms
INFO - [G] 2026-07-15 12:04:01 :: INFO  :: TIMER :: [0004] Injected Sticker in 0.101 ms
INFO - [G] 2026-07-15 12:04:01 :: INFO  :: TIMER :: [0000] Injected Shader in 0.001 ms
INFO - [G] 2026-07-15 12:04:01 :: INFO  :: TIMER :: [0001] Injected ScreenShader in 0.007 ms
INFO - [G] 2026-07-15 12:04:01 :: INFO  :: TIMER :: [0002] Injected Keybind in 0.007 ms
INFO - [G] 2026-07-15 12:04:01 :: INFO  :: TIMER :: [0000] Injected Achievement in 0.078 ms
INFO - [G] 2026-07-15 12:04:01 :: INFO  :: TIMER :: [0002] Injected Scoring_Parameters in 0.184 ms
INFO - [G] 2026-07-15 12:04:01 :: INFO  :: TIMER :: [0003] Injected Scoring_Calculations in 0.030 ms
INFO - [G] 2026-07-15 12:04:01 :: INFO  :: TIMER :: [0022] Injected Draw Step in 0.246 ms
INFO - [G] 2026-07-15 12:04:01 :: INFO  :: TIMER :: [0000] Injected [INTERNAL] in 0.002 ms
INFO - [G] 2026-07-15 12:04:01 :: WARN  :: LuaSteam :: module 'luasteam' not found:
	no field package.preload['luasteam']
	no 'luasteam' in LOVE game directories.
	no file 'luasteam' in LOVE paths.
	no file './luasteam.lua'
	no file '/nix/store/l2j91s4fj2n0r47fcd77r6kk18sbbndx-luajit-2.1.1741730670/share/luajit-2.1/luasteam.lua'
	no file '/usr/local/share/lua/5.1/luasteam.lua'
	no file '/usr/local/share/lua/5.1/luasteam/init.lua'
	no file '/nix/store/l2j91s4fj2n0r47fcd77r6kk18sbbndx-luajit-2.1.1741730670/share/lua/5.1/luasteam.lua'
	no file '/nix/store/l2j91s4fj2n0r47fcd77r6kk18sbbndx-luajit-2.1.1741730670/share/lua/5.1/luasteam/init.lua'
	no file './luasteam.so'
	no file '/usr/local/lib/lua/5.1/luasteam.so'
	no file '/nix/store/l2j91s4fj2n0r47fcd77r6kk18sbbndx-luajit-2.1.1741730670/lib/lua/5.1/luasteam.so'
	no file '/usr/local/lib/lua/5.1/loadall.so'
	no file '/home/marius/nix/home/balatro/luasteam.so'
WARN - [♥] Unknown key `patches.18.?.match_indent` found in patch file "/home/marius/.local/share/love/Mods/Cryptid-0.5.16d/lovely/code.toml", ignoring it
WARN - [♥] Unknown key `patches.18.?.match_indent` found in patch file "/home/marius/.local/share/love/Mods/Cryptid-0.5.16d/lovely/code.toml", ignoring it
INFO - [♥] Applied 1 patch to '=[lovely json "libs/json/json.lua"]'
INFO - [♥] Applied 1 patch to '=[love "wrap_GraphicsShader.lua"]'
INFO - [G] Error: [love "boot.lua"]:330: Cannot load game at path '/home/marius/.local/share/love/Balatro/Balatro.love'.
Make sure a folder exists at the specified path.
stack traceback:
	[love "boot.lua"]:352: in function <[love "boot.lua"]:348>
	[C]: in function 'error'
	[love "boot.lua"]:330: in function <[love "boot.lua"]:126>
	[C]: in function 'xpcall'
	[love "boot.lua"]:362: in function <[love "boot.lua"]:355>
	[C]: in function 'xpcall'
