INFO - [♥] Lovely 0.9.0
INFO - [♥] Game directory is at "/nix/store/4nrfmax3pfy187nkxcz5bnf4xnx1hl9v-love-11.5/bin"
INFO - [♥] Writing logs to "/home/marius/.local/share/love/Mods/lovely/log"
INFO - [♥] Using mod directory at "/home/marius/.local/share/love/Mods"
WARN - [♥] Unknown key `patches.18.?.match_indent` found in patch file "/home/marius/.local/share/love/Mods/Cryptid-0.5.16d/lovely/code.toml", ignoring it
WARN - [♥] Unknown key `patches.18.?.match_indent` found in patch file "/home/marius/.local/share/love/Mods/Cryptid-0.5.16d/lovely/code.toml", ignoring it
INFO - [♥] Cleaning up dump directory at "/home/marius/.local/share/love/Mods/lovely/dump"
INFO - [♥] Cleaning up game-dump directory at "/home/marius/.local/share/love/Mods/lovely/game-dump"
INFO - [♥] Initialization complete in 18ms
INFO - [♥] Applied 1 patch to '=[lovely json "libs/json/json.lua"]'
INFO - [♥] Applied 1 patch to '=[love "wrap_GraphicsShader.lua"]'
INFO - [G] Error: [love "boot.lua"]:330: Cannot load game at path '/home/marius/nix/home/balatro/./config/Mods/Balatro/Balatro.love'.
Make sure a folder exists at the specified path.
stack traceback:
	[love "boot.lua"]:352: in function <[love "boot.lua"]:348>
	[C]: in function 'error'
	[love "boot.lua"]:330: in function <[love "boot.lua"]:126>
	[C]: in function 'xpcall'
	[love "boot.lua"]:362: in function <[love "boot.lua"]:355>
	[C]: in function 'xpcall'
